[debug] [2025-06-23T13:34:30.423Z] ----------------------------------------------------------------------
[debug] [2025-06-23T13:34:30.428Z] Command:       C:\Program Files\nodejs\node.exe C:\Users\Kiran WorkSpace\AppData\Roaming\npm\node_modules\firebase-tools\lib\bin\firebase.js init
[debug] [2025-06-23T13:34:30.429Z] CLI Version:   13.22.1
[debug] [2025-06-23T13:34:30.429Z] Platform:      win32
[debug] [2025-06-23T13:34:30.429Z] Node Version:  v20.11.1
[debug] [2025-06-23T13:34:30.430Z] Time:          Mon Jun 23 2025 19:04:30 GMT+0530 (India Standard Time)
[debug] [2025-06-23T13:34:30.430Z] ----------------------------------------------------------------------
[debug] 
[debug] [2025-06-23T13:34:30.544Z] > command requires scopes: ["email","openid","https://www.googleapis.com/auth/cloudplatformprojects.readonly","https://www.googleapis.com/auth/firebase","https://www.googleapis.com/auth/cloud-platform"]
[debug] [2025-06-23T13:34:30.545Z] > authorizing via signed-in user (saikirankrezzy@gmail.com)
[info] 
     ######## #### ########  ######## ########     ###     ######  ########
     ##        ##  ##     ## ##       ##     ##  ##   ##  ##       ##
     ######    ##  ########  ######   ########  #########  ######  ######
     ##        ##  ##    ##  ##       ##     ## ##     ##       ## ##
     ##       #### ##     ## ######## ########  ##     ##  ######  ########

You're about to initialize a Firebase project in this directory:

  E:\Freelance\firebase-deploy-chillar

Before we get started, keep in mind:

  * You are initializing within an existing Firebase project directory

[info] 
=== Project Setup
[info] 
[info] First, let's associate this project directory with a Firebase project.
[info] You can create multiple project aliases by running firebase use --add, 
[info] but for now we'll just set up a default project.
[info] 
[info] i  If you want to create a project in a Google Cloud organization or folder, please use "firebase projects:create" instead, and return to this command when you've created the project. 
[debug] [2025-06-23T13:35:28.504Z] Checked if tokens are valid: false, expires at: 1628831730892
[debug] [2025-06-23T13:35:28.504Z] Checked if tokens are valid: false, expires at: 1628831730892
[debug] [2025-06-23T13:35:28.505Z] > refreshing access token with scopes: []
[debug] [2025-06-23T13:35:28.509Z] >>> [apiv2][query] POST https://www.googleapis.com/oauth2/v3/token [none]
[debug] [2025-06-23T13:35:28.509Z] >>> [apiv2][body] POST https://www.googleapis.com/oauth2/v3/token [omitted]
[debug] [2025-06-23T13:35:29.033Z] <<< [apiv2][status] POST https://www.googleapis.com/oauth2/v3/token 400
[debug] [2025-06-23T13:35:29.033Z] <<< [apiv2][body] POST https://www.googleapis.com/oauth2/v3/token [omitted]
[debug] [2025-06-23T13:35:29.034Z] >>> [apiv2][query] POST https://cloudresourcemanager.googleapis.com/v1/projects [none]
[debug] [2025-06-23T13:35:29.034Z] >>> [apiv2][body] POST https://cloudresourcemanager.googleapis.com/v1/projects {"projectId":"kiranankani-chillar","name":"chillar"}
[debug] [2025-06-23T13:35:30.575Z] <<< [apiv2][status] POST https://cloudresourcemanager.googleapis.com/v1/projects 401
[debug] [2025-06-23T13:35:30.576Z] <<< [apiv2][body] POST https://cloudresourcemanager.googleapis.com/v1/projects {"error":{"code":401,"message":"Request had invalid authentication credentials. Expected OAuth 2 access token, login cookie or other valid authentication credential. See https://developers.google.com/identity/sign-in/web/devconsole-project.","status":"UNAUTHENTICATED","details":[{"@type":"type.googleapis.com/google.rpc.ErrorInfo","reason":"ACCESS_TOKEN_TYPE_UNSUPPORTED","metadata":{"service":"cloudresourcemanager.googleapis.com","method":"google.cloudresourcemanager.v1.Projects.CreateProject"}}]}}
[debug] [2025-06-23T13:35:30.576Z] Got a 401 Unauthenticated error for a call that required authentication. Refreshing tokens.
[debug] [2025-06-23T13:35:30.576Z] Checked if tokens are valid: false, expires at: 1628831730892
[debug] [2025-06-23T13:35:30.576Z] Checked if tokens are valid: false, expires at: 1628831730892
[debug] [2025-06-23T13:35:30.576Z] > refreshing access token with scopes: []
[debug] [2025-06-23T13:35:30.577Z] >>> [apiv2][query] POST https://www.googleapis.com/oauth2/v3/token [none]
[debug] [2025-06-23T13:35:30.577Z] >>> [apiv2][body] POST https://www.googleapis.com/oauth2/v3/token [omitted]
[debug] [2025-06-23T13:35:30.678Z] <<< [apiv2][status] POST https://www.googleapis.com/oauth2/v3/token 400
[debug] [2025-06-23T13:35:30.678Z] <<< [apiv2][body] POST https://www.googleapis.com/oauth2/v3/token [omitted]
[debug] [2025-06-23T13:35:30.854Z] FirebaseError: HTTP Error: 401, Request had invalid authentication credentials. Expected OAuth 2 access token, login cookie or other valid authentication credential. See https://developers.google.com/identity/sign-in/web/devconsole-project.
    at responseToError (C:\Users\Kiran WorkSpace\AppData\Roaming\npm\node_modules\firebase-tools\lib\responseToError.js:49:12)
    at RetryOperation._fn (C:\Users\Kiran WorkSpace\AppData\Roaming\npm\node_modules\firebase-tools\lib\apiv2.js:312:77)
    at process.processTicksAndRejections (node:internal/process/task_queues:95:5)
[error] 
[error] Error: Failed to create project. See firebase-debug.log for more info.
